---
source: crates/fennec-module/src/parser.rs
expression: "parse(\"\")"
---
TreeManifest: []
