---
source: crates/fennec-module/src/parser.rs
expression: "parse(\"?\")"
---
Manifest: [
    Error: [
        "expected \"module\" keyword, \"fennec\" keyword or newline",
        ERR(OTHER) "?",
    ],
]
