---
source: crates/fennec-module/src/lexer.rs
expression: "lex(\"?\")"
---
[
    (
        "?",
        TokError(
            Other,
        ),
    ),
]
