---
source: crates/fennec-module/src/lexer.rs
expression: "lex(\"\".to_owned())"
---
[]
